// Jest Snapshot v1, https://goo.gl/fbAQLP

exports[`should not render description 1`] = `"<label><input type=\\"checkbox\\"><span></span></label>"`;
